---
source: rust/services/call/host/src/host/tests/number_of_rpc_calls.rs
assertion_line: 66
expression: state
---
latest_block: 0
header:
  "0x1115d9e": 1
  "0x11180c6": 1
  "0x111a3ee": 1
  "0x111c716": 1
  "0x111ea3e": 1
  "0x1120d66": 1
  "0x112308e": 1
  "0x11253b6": 1
  "0x1322923": 1
balance: {}
code:
  17915294:
    "0x101e1c9757c99867a39ceb41117b44f2292cb253": 1
    "0x5fd84259d66cd46123540766be93dfe6d43130d7": 1
  17924294:
    "0x101e1c9757c99867a39ceb41117b44f2292cb253": 1
    "0x5fd84259d66cd46123540766be93dfe6d43130d7": 1
  17933294:
    "0x101e1c9757c99867a39ceb41117b44f2292cb253": 1
    "0x5fd84259d66cd46123540766be93dfe6d43130d7": 1
  17942294:
    "0x101e1c9757c99867a39ceb41117b44f2292cb253": 1
    "0x5fd84259d66cd46123540766be93dfe6d43130d7": 1
  17951294:
    "0x101e1c9757c99867a39ceb41117b44f2292cb253": 1
    "0x5fd84259d66cd46123540766be93dfe6d43130d7": 1
  17960294:
    "0x101e1c9757c99867a39ceb41117b44f2292cb253": 1
    "0x5fd84259d66cd46123540766be93dfe6d43130d7": 1
  17969294:
    "0x101e1c9757c99867a39ceb41117b44f2292cb253": 1
    "0x5fd84259d66cd46123540766be93dfe6d43130d7": 1
  17978294:
    "0x101e1c9757c99867a39ceb41117b44f2292cb253": 1
    "0x5fd84259d66cd46123540766be93dfe6d43130d7": 1
  20064547:
    "0x0d5556591b2ffe5e7d54a4887638508f039771d3": 1
    "0x5fd84259d66cd46123540766be93dfe6d43130d7": 1
nonce: {}
proof:
  17915294:
    "0x101e1c9757c99867a39ceb41117b44f2292cb253": 1
    "0x420000000000000000000000000000000000001b": 1
    "0x5fd84259d66cd46123540766be93dfe6d43130d7": 1
  17924294:
    "0x101e1c9757c99867a39ceb41117b44f2292cb253": 1
    "0x420000000000000000000000000000000000001b": 1
    "0x5fd84259d66cd46123540766be93dfe6d43130d7": 1
  17933294:
    "0x101e1c9757c99867a39ceb41117b44f2292cb253": 1
    "0x420000000000000000000000000000000000001b": 1
    "0x5fd84259d66cd46123540766be93dfe6d43130d7": 1
  17942294:
    "0x101e1c9757c99867a39ceb41117b44f2292cb253": 1
    "0x420000000000000000000000000000000000001b": 1
    "0x5fd84259d66cd46123540766be93dfe6d43130d7": 1
  17951294:
    "0x101e1c9757c99867a39ceb41117b44f2292cb253": 1
    "0x420000000000000000000000000000000000001b": 1
    "0x5fd84259d66cd46123540766be93dfe6d43130d7": 1
  17960294:
    "0x101e1c9757c99867a39ceb41117b44f2292cb253": 1
    "0x420000000000000000000000000000000000001b": 1
    "0x5fd84259d66cd46123540766be93dfe6d43130d7": 1
  17969294:
    "0x101e1c9757c99867a39ceb41117b44f2292cb253": 1
    "0x420000000000000000000000000000000000001b": 1
    "0x5fd84259d66cd46123540766be93dfe6d43130d7": 1
  17978294:
    "0x101e1c9757c99867a39ceb41117b44f2292cb253": 1
    "0x420000000000000000000000000000000000001b": 1
    "0x5fd84259d66cd46123540766be93dfe6d43130d7": 1
  20064547:
    "0x0d5556591b2ffe5e7d54a4887638508f039771d3": 1
    "0x420000000000000000000000000000000000001b": 1
    "0x5fd84259d66cd46123540766be93dfe6d43130d7": 1
    "0x76dc9aa45aa006a0f63942d8f9f21bd4537972a3": 1
storage:
  17915294:
    "0x5fd84259d66cd46123540766be93dfe6d43130d7":
      "0x10d6a54a4754c8869d6886b5f5d7fbfa5b4522237ea5c60d11bc4e7a1ff9390b": 1
      "0x7050c9e0f4ca769c69bd3a8ef740bc37934f8e2c036e5a723fd8ee048ed3f8c3": 1
      "0xdb28111c27c2790ba437414ac7fbd81e265255e13cc16e2534152691a7dbb41b": 1
  17924294:
    "0x5fd84259d66cd46123540766be93dfe6d43130d7":
      "0x10d6a54a4754c8869d6886b5f5d7fbfa5b4522237ea5c60d11bc4e7a1ff9390b": 1
      "0x7050c9e0f4ca769c69bd3a8ef740bc37934f8e2c036e5a723fd8ee048ed3f8c3": 1
      "0xdb28111c27c2790ba437414ac7fbd81e265255e13cc16e2534152691a7dbb41b": 1
  17933294:
    "0x5fd84259d66cd46123540766be93dfe6d43130d7":
      "0x10d6a54a4754c8869d6886b5f5d7fbfa5b4522237ea5c60d11bc4e7a1ff9390b": 1
      "0x7050c9e0f4ca769c69bd3a8ef740bc37934f8e2c036e5a723fd8ee048ed3f8c3": 1
      "0xdb28111c27c2790ba437414ac7fbd81e265255e13cc16e2534152691a7dbb41b": 1
  17942294:
    "0x5fd84259d66cd46123540766be93dfe6d43130d7":
      "0x10d6a54a4754c8869d6886b5f5d7fbfa5b4522237ea5c60d11bc4e7a1ff9390b": 1
      "0x7050c9e0f4ca769c69bd3a8ef740bc37934f8e2c036e5a723fd8ee048ed3f8c3": 1
      "0xdb28111c27c2790ba437414ac7fbd81e265255e13cc16e2534152691a7dbb41b": 1
  17951294:
    "0x5fd84259d66cd46123540766be93dfe6d43130d7":
      "0x10d6a54a4754c8869d6886b5f5d7fbfa5b4522237ea5c60d11bc4e7a1ff9390b": 1
      "0x7050c9e0f4ca769c69bd3a8ef740bc37934f8e2c036e5a723fd8ee048ed3f8c3": 1
      "0xdb28111c27c2790ba437414ac7fbd81e265255e13cc16e2534152691a7dbb41b": 1
  17960294:
    "0x5fd84259d66cd46123540766be93dfe6d43130d7":
      "0x10d6a54a4754c8869d6886b5f5d7fbfa5b4522237ea5c60d11bc4e7a1ff9390b": 1
      "0x7050c9e0f4ca769c69bd3a8ef740bc37934f8e2c036e5a723fd8ee048ed3f8c3": 1
      "0xdb28111c27c2790ba437414ac7fbd81e265255e13cc16e2534152691a7dbb41b": 1
  17969294:
    "0x5fd84259d66cd46123540766be93dfe6d43130d7":
      "0x10d6a54a4754c8869d6886b5f5d7fbfa5b4522237ea5c60d11bc4e7a1ff9390b": 1
      "0x7050c9e0f4ca769c69bd3a8ef740bc37934f8e2c036e5a723fd8ee048ed3f8c3": 1
      "0xdb28111c27c2790ba437414ac7fbd81e265255e13cc16e2534152691a7dbb41b": 1
  17978294:
    "0x5fd84259d66cd46123540766be93dfe6d43130d7":
      "0x10d6a54a4754c8869d6886b5f5d7fbfa5b4522237ea5c60d11bc4e7a1ff9390b": 1
      "0x7050c9e0f4ca769c69bd3a8ef740bc37934f8e2c036e5a723fd8ee048ed3f8c3": 1
      "0xdb28111c27c2790ba437414ac7fbd81e265255e13cc16e2534152691a7dbb41b": 1
