---
source: services/call/host/src/host/tests/number_of_rpc_calls.rs
expression: state
---
latest_block: 0
header:
  "0x1297121": 1
balance: {}
code:
  19493153:
    "0xdac17f958d2ee523a2206206994597c13d831ec7": 1
nonce: {}
proof:
  19493153:
    "0x388c818ca8b9251b393131c08a736a67ccb19297": 1
    "0xdac17f958d2ee523a2206206994597c13d831ec7": 1
storage:
  19493153:
    "0xdac17f958d2ee523a2206206994597c13d831ec7":
      "0x000000000000000000000000000000000000000000000000000000000000000a": 1
      "0x0be16d71963429204d70543701f859c43526c316ac005c10114f4694ca405f36": 1
